Release 6.3i - xst G.35
Copyright (c) 1995-2004 Xilinx, Inc.  All rights reserved.
--> Parameter TMPDIR set to __projnav
CPU : 0.00 / 0.17 s | Elapsed : 0.00 / 0.00 s
 
--> Parameter xsthdpdir set to ./xst
CPU : 0.00 / 0.17 s | Elapsed : 0.00 / 0.00 s
 
--> Reading design: seg_b.prj

TABLE OF CONTENTS
  1) Synthesis Options Summary
  2) HDL Compilation
  3) HDL Analysis
  4) HDL Synthesis
  5) Advanced HDL Synthesis
     5.1) HDL Synthesis Report
  6) Low Level Synthesis
  7) Final Report

=========================================================================
*                      Synthesis Options Summary                        *
=========================================================================
---- Source Parameters
Input File Name                    : seg_b.prj
Input Format                       : mixed
Ignore Synthesis Constraint File   : NO
Verilog Include Directory          : 

---- Target Parameters
Output File Name                   : seg_b
Output Format                      : NGC
Target Device                      : xc9500xl

---- Source Options
Top Module Name                    : seg_b
Automatic FSM Extraction           : YES
FSM Encoding Algorithm             : Auto
Mux Extraction                     : YES
Resource Sharing                   : YES

---- Target Options
Add IO Buffers                     : YES
Equivalent register Removal        : YES
MACRO Preserve                     : YES
XOR Preserve                       : YES

---- General Options
Optimization Goal                  : Speed
Optimization Effort                : 1
Keep Hierarchy                     : YES
RTL Output                         : Yes
Hierarchy Separator                : _
Bus Delimiter                      : <>
Case Specifier                     : maintain

---- Other Options
lso                                : seg_b.lso
verilog2001                        : YES
Clock Enable                       : YES
wysiwyg                            : NO

=========================================================================


=========================================================================
*                          HDL Compilation                              *
=========================================================================
Compiling vhdl file c:/project/dz/seg_B.vhf in Library work.
Architecture behavioral of Entity seg_b is up to date.

=========================================================================
*                            HDL Analysis                               *
=========================================================================
Analyzing Entity <seg_b> (Architecture <behavioral>).
Entity <seg_b> analyzed. Unit <seg_b> generated.


=========================================================================
*                           HDL Synthesis                               *
=========================================================================

Synthesizing Unit <seg_b>.
    Related source file is c:/project/dz/seg_B.vhf.
Unit <seg_b> synthesized.


=========================================================================
*                       Advanced HDL Synthesis                          *
=========================================================================

Advanced RAM inference ...
Advanced multiplier inference ...
Advanced Registered AddSub inference ...
Dynamic shift register inference ...

=========================================================================
HDL Synthesis Report

Found no macro
=========================================================================

=========================================================================
*                         Low Level Synthesis                           *
=========================================================================

Optimizing unit <seg_b> ...

=========================================================================
*                            Final Report                               *
=========================================================================
Final Results
RTL Top Level Output File Name     : seg_b.ngr
Top Level Output File Name         : seg_b
Output Format                      : NGC
Optimization Goal                  : Speed
Keep Hierarchy                     : YES
Target Technology                  : xc9500xl
Macro Preserve                     : YES
XOR Preserve                       : YES
Clock Enable                       : YES
wysiwyg                            : NO

Design Statistics
# IOs                              : 5

Cell Usage :
# IO Buffers                       : 5
#      IBUF                        : 4
#      OBUF                        : 1
# Others                           : 3
#      AND2B1                      : 1
#      NAND2B1                     : 1
#      NOR2                        : 1
=========================================================================
CPU : 0.48 / 0.76 s | Elapsed : 0.00 / 0.00 s
 
--> 

Total memory usage is 49832 kilobytes


